-------------------------------------
Beginning Export of Source Files
Abonnement.mdb
VCS Version 4.1.2
Full Path: D:\MES_SOURCES\ACCESS\EXEMPLES\ACCESS 2000\ABONNEMENT\Abonnement.mdb
Export Folder: D:\MES_SOURCES\GITHUB\Abonnement.mdb\
Performing Full Export
03/12/2025 09:06:43
-------------------------------------
Scanning source files...
No db connections found in this database.
No vbe forms found in this database.
No saved specs found in this database.
No shared images found in this database.
No themes found in this database.
No imex specs found in this database.
No macros found in this database.
No table data found in this database.
No table data macros found in this database.
No relations found in this database.
No hidden attributes found in this database.
-------------------------------------
Exporting project...          
  Abonnement.mdb
[1]
-------------------------------------
Exporting vb project...       
  Ch11 Abonnement
[1]
-------------------------------------
Exporting vbe references...   
  stdole
[3]
-------------------------------------
Exporting proj properties...  
  Current Project Properties (Access)
[1]
-------------------------------------
Exporting modules...          
  Divers
[1]
-------------------------------------
Exporting commandbars...      
  Barre de menus Abonnés

-------------------------------------
ERROR: Unhandled error, likely before `On Error` directive
Source: .Unknown.LogUnhandledErrors
-------------------------------------
  Abonnés
[2]
-------------------------------------
Exporting db properties...    
  Database Properties (DAO)
[16]
-------------------------------------
Exporting tables...           
  Abonnés
    Sanitized in 0,004 seconds.
  Abonnés (SQL)
  Paiements
    Sanitized in 0,002 seconds.
  Paiements (SQL)
[2]
-------------------------------------
Exporting queries...          
  RequêtePaiements
    Sanitized in 0,004 seconds.
  RequêtePaiements (SQL)
[1]
-------------------------------------
Exporting forms...            
  SaisiePaiements
    Sanitized in 0,010 seconds.
  Abonnés
    Sanitized in 0,006 seconds.
  HistoriquePaiements
    Sanitized in 0,003 seconds.
  DialogueEtiquettesMailing
    Sanitized in 0,005 seconds.
  DialogueAtteindreEnregistrement
    Sanitized in 0,003 seconds.
  Menu général
    Sanitized in 0,006 seconds.
[6]
-------------------------------------
Exporting reports...          
  MailingGrandesEtiquettes
    Sanitized in 0,002 seconds.
  MailingPetitesEtiquettes
    Sanitized in 0,002 seconds.
[2]
-------------------------------------
Exporting doc properties...   
  Database Documents
[3]
-------------------------------------
Exporting nav pane groups...  
  Groups
[1]
-------------------------------------
Done. (21,41 seconds)

--------------------------------------------------
                PERFORMANCE REPORTS
--------------------------------------------------
Category                      Count     Seconds
--------------------------------------------------
CommandBars                   2         19,34
Forms                         6         0,68
Reports                       2         0,17
Tables                        2         0,11
DB Properties                 16        0,11
Nav Pane Groups               1         0,10
Queries                       1         0,10
Doc Properties                3         0,10
Project                       1         0,09
Modules                       1         0,07
VBE References                3         0,07
Proj Properties               1         0,06
VB Project                    1         0,05
DB Connections                0         0,02
Hidden Attributes             0         0,01
Relations                     0         0,00
Table Data Macros             0         0,00
IMEX Specs                    0         0,00
Shared Images                 0         0,00
Themes                        0         0,00
Table Data                    0         0,00
VBE Forms                     0         0,00
Saved Specs                   0         0,00
Macros                        0         0,00
--------------------------------------------------
TOTALS:                       40        21,09
--------------------------------------------------

--------------------------------------------------
Operations                    Count     Seconds
--------------------------------------------------
Save CommandBar Images        2         5,34
Convert to JSON               8599      0,92
Increment Progress            42        0,61
Console Updates               6         0,23
Scan DB Objects               1         0,18
App.SaveAsText()              9         0,07
Sanitize File                 9         0,04
Write File                    32        0,03
App.ExportXML()               2         0,02
modFileAccess.VerifyPath      45        0,02
Format SQL                    1         0,02
Get File Property Hash        21        0,01
Read File Bytes               12        0,01
Compute SHA256                66        0,01
Export VBE Module             1         0,01
Delete File                   13        0,01
Quick Count Files             1         0,01
Read File                     12        0,01
Get Modified Date             35        0,01
Save Table SQL                2         0,01
Read File DevMode             8         0,00
Quick Count Objects           1         0,00
Get VBA Hash                  9         0,00
Sanitize XML                  2         0,00
Format XML                    2         0,00
Check for linked table        2         0,00
Close Open Objects            1         0,00
Sanitize VBA Code             7         0,00
Save Query SQL                1         0,00
Clear Files by Ext            6         0,00
modFileAccess.GetUncPath      2         0,00
--------------------------------------------------
Other Operations                        13,81
--------------------------------------------------


